--- Terminal on /dev/cu.usbmodem1101 | 115200 8-N-1
--- Available filters and text transformations: debug, default, direct, esp32_exception_decoder, hexlify, log2file, nocontrol, printable, send_on_enter, time
--- More details at https://bit.ly/pio-monitor-filters
--- Quit: Ctrl+C | Menu: Ctrl+T | Help: Ctrl+T followed by Ctrl+H
[alive] last-stage=first-paint-complete heap=167752 minHeap=52760 screen=HOME depth=1 dropped=0/0 listings=0 slots/0B hit=0 miss=2
[alive] last-stage=first-paint-complete heap=167752 minHeap=52760 screen=HOME depth=1 dropped=0/0 listings=0 slots/0B hit=0 miss=2
[cover] #1 result=Ok fmt=jpeg zip=deflated src=1400x2100 scale=1/2 dst=528x792+0+0 rows=792/792 rowBytes=66 open=58ms decode=3074ms heapBefore=172748 heapMin=91660 sum=9006423 file=/books/01-jpeg-deflated-the-rescue.epub
[cover] #2 result=Ok fmt=jpeg zip=stored src=1424x2048 scale=1/2 dst=528x792+0+0 rows=792/792 rowBytes=66 open=29ms decode=2987ms heapBefore=173220 heapMin=91660 sum=9298331 file=/books/02-jpeg-stored.epub
[cover] #3 result=Ok fmt=png zip=stored src=1600x2400 scale=1/1 dst=528x792+0+0 rows=792/792 rowBytes=66 open=22ms decode=6919ms heapBefore=173456 heapMin=91660 sum=16150999 file=/books/03-png-stored.epub
[cover] #4 result=Ok fmt=png zip=deflated src=601x918 scale=1/1 dst=528x792+0+0 rows=792/792 rowBytes=66 open=40ms decode=6648ms heapBefore=172992 heapMin=52744 sum=12494071 file=/books/04-png-deflated-neuromancien.epub
[cover] summary: tried=4 ok=4 nocover=0 unsupported=0 readfailed=0 oom=0 abandoned=0 bookrefused=0 (of 8 epub(s) on the card)
[stage] 20477ms cover-probe-done heap=173704 min=52744
[boot] Library fits 7 rows on this 528x792 logical canvas (panel is 792x528 native)
[boot] Settings list 662px: rows 55px, section headers 53px
[boot] Reader column 508x668 at (10,69), body ppem 32
[fs] list /books -> 12 entries in 93ms (7.75 ms/entry)
[library] counted 8 book(s) in /books in 93ms | folders held=0 hit=0 miss=0
[progress] Home continues "Le Fléau" at 49%, spine 57 of 92
[boot] Home's LIBRARY row: 8 (books in /books plus one level down)
[stage] 20585ms root-home heap=173376 min=52744
[session] cold boot: record cleared, nothing to restore
[stage] 20591ms input-started heap=167976 min=52744
[20697]   Wait complete:  8279_PON (41 ms)
[21391]   Wait complete:  8279_DRF (694 ms)
[stage] 21415ms mono-displayed heap=167748 min=52744
[paint] done screen=HOME fidelity=mono mode=FAST sinceFull=1 total=825ms render=16ms (draw=16) panel=809ms (up=90 wave=718) scope=stack
[render] total=16000us fill=1322/14 dither=228/1 glyph=6292/14 icon=6217/7 other=1941
[stage] 21416ms first-paint-complete heap=167748 min=52744
[alive] last-stage=first-paint-complete heap=167748 minHeap=52744 screen=HOME depth=1 dropped=0/0 listings=0 slots/0B hit=0 miss=2
[alive] last-stage=first-paint-complete heap=167748 minHeap=52744 screen=HOME depth=1 dropped=0/0 listings=0 slots/0B hit=0 miss=2
[alive] last-stage=first-paint-complete heap=167748 minHeap=52744 screen=HOME depth=1 dropped=0/0 listings=0 slots/0B hit=0 miss=2
[alive] last-stage=first-paint-complete heap=167748 minHeap=52744 screen=HOME depth=1 dropped=0/0 listings=0 slots/0B hit=0 miss=2
[alive] last-stage=first-paint-complete heap=167748 minHeap=52744 screen=HOME depth=1 dropped=0/0 listings=0 slots/0B hit=0 miss=2
[alive] last-stage=first-paint-complete heap=167748 minHeap=52744 screen=HOME depth=1 dropped=0/0 listings=0 slots/0B hit=0 miss=2
[alive] last-stage=first-paint-complete heap=167748 minHeap=52744 screen=HOME depth=1 dropped=0/0 listings=0 slots/0B hit=0 miss=2
[alive] last-stage=first-paint-complete heap=167748 minHeap=52744 screen=HOME depth=1 dropped=0/0 listings=0 slots/0B hit=0 miss=2
[alive] last-stage=first-paint-complete heap=167748 minHeap=52744 screen=HOME depth=1 dropped=0/0 listings=0 slots/0B hit=0 miss=2
[alive] last-stage=first-paint-complete heap=167748 minHeap=52744 screen=HOME depth=1 dropped=0/0 listings=0 slots/0B hit=0 miss=2
[alive] last-stage=first-paint-complete heap=167748 minHeap=52744 screen=HOME depth=1 dropped=0/0 listings=0 slots/0B hit=0 miss=2
[alive] last-stage=first-paint-complete heap=167748 minHeap=52744 screen=HOME depth=1 dropped=0/0 listings=0 slots/0B hit=0 miss=2
[alive] last-stage=first-paint-complete heap=167748 minHeap=52744 screen=HOME depth=1 dropped=0/0 listings=0 slots/0B hit=0 miss=2
[alive] last-stage=first-paint-complete heap=167748 minHeap=52744 screen=HOME depth=1 dropped=0/0 listings=0 slots/0B hit=0 miss=2
[alive] last-stage=first-paint-complete heap=167748 minHeap=52744 screen=HOME depth=1 dropped=0/0 listings=0 slots/0B hit=0 miss=2
[alive] last-stage=first-paint-complete heap=167748 minHeap=52744 screen=HOME depth=1 dropped=0/0 listings=0 slots/0B hit=0 miss=2
[alive] last-stage=first-paint-complete heap=167748 minHeap=52744 screen=HOME depth=1 dropped=0/0 listings=0 slots/0B hit=0 miss=2
[alive] last-stage=first-paint-complete heap=167748 minHeap=52744 screen=HOME depth=1 dropped=0/0 listings=0 slots/0B hit=0 miss=2
[alive] last-stage=first-paint-complete heap=167748 minHeap=52744 screen=HOME depth=1 dropped=0/0 listings=0 slots/0B hit=0 miss=2
[alive] last-stage=first-paint-complete heap=167748 minHeap=52744 screen=HOME depth=1 dropped=0/0 listings=0 slots/0B hit=0 miss=2
[alive] last-stage=first-paint-complete heap=167748 minHeap=52744 screen=HOME depth=1 dropped=0/0 listings=0 slots/0B hit=0 miss=2
[alive] last-stage=first-paint-complete heap=167748 minHeap=52744 screen=HOME depth=1 dropped=0/0 listings=0 slots/0B hit=0 miss=2
[alive] last-stage=first-paint-complete heap=167748 minHeap=52744 screen=HOME depth=1 dropped=0/0 listings=0 slots/0B hit=0 miss=2
[alive] last-stage=first-paint-complete heap=167748 minHeap=52744 screen=HOME depth=1 dropped=0/0 listings=0 slots/0B hit=0 miss=2
[alive] last-stage=first-paint-complete heap=167748 minHeap=52744 screen=HOME depth=1 dropped=0/0 listings=0 slots/0B hit=0 miss=2
[alive] last-stage=first-paint-complete heap=167748 minHeap=52744 screen=HOME depth=1 dropped=0/0 listings=0 slots/0B hit=0 miss=2
[alive] last-stage=first-paint-complete heap=167748 minHeap=52744 screen=HOME depth=1 dropped=0/0 listings=0 slots/0B hit=0 miss=2
[alive] last-stage=first-paint-complete heap=167748 minHeap=52744 screen=HOME depth=1 dropped=0/0 listings=0 slots/0B hit=0 miss=2
[alive] last-stage=first-paint-complete heap=167748 minHeap=52744 screen=HOME depth=1 dropped=0/0 listings=0 slots/0B hit=0 miss=2
[alive] last-stage=first-paint-complete heap=167748 minHeap=52744 screen=HOME depth=1 dropped=0/0 listings=0 slots/0B hit=0 miss=2
[alive] last-stage=first-paint-complete heap=167748 minHeap=52744 screen=HOME depth=1 dropped=0/0 listings=0 slots/0B hit=0 miss=2
[alive] last-stage=first-paint-complete heap=167748 minHeap=52744 screen=HOME depth=1 dropped=0/0 listings=0 slots/0B hit=0 miss=2
[alive] last-stage=first-paint-complete heap=167748 minHeap=52744 screen=HOME depth=1 dropped=0/0 listings=0 slots/0B hit=0 miss=2
[alive] last-stage=first-paint-complete heap=167748 minHeap=52744 screen=HOME depth=1 dropped=0/0 listings=0 slots/0B hit=0 miss=2
[alive] last-stage=first-paint-complete heap=167748 minHeap=52744 screen=HOME depth=1 dropped=0/0 listings=0 slots/0B hit=0 miss=2
[alive] last-stage=first-paint-complete heap=167748 minHeap=52744 screen=HOME depth=1 dropped=0/0 listings=0 slots/0B hit=0 miss=2
[alive] last-stage=first-paint-complete heap=167748 minHeap=52744 screen=HOME depth=1 dropped=0/0 listings=0 slots/0B hit=0 miss=2
[alive] last-stage=first-paint-complete heap=167748 minHeap=52744 screen=HOME depth=1 dropped=0/0 listings=0 slots/0B hit=0 miss=2
[alive] last-stage=first-paint-complete heap=167748 minHeap=52744 screen=HOME depth=1 dropped=0/0 listings=0 slots/0B hit=0 miss=2
[alive] last-stage=first-paint-complete heap=167748 minHeap=52744 screen=HOME depth=1 dropped=0/0 listings=0 slots/0B hit=0 miss=2
[alive] last-stage=first-paint-complete heap=167748 minHeap=52744 screen=HOME depth=1 dropped=0/0 listings=0 slots/0B hit=0 miss=2
[alive] last-stage=first-paint-complete heap=167748 minHeap=52744 screen=HOME depth=1 dropped=0/0 listings=0 slots/0B hit=0 miss=2
[alive] last-stage=first-paint-complete heap=167748 minHeap=52744 screen=HOME depth=1 dropped=0/0 listings=0 slots/0B hit=0 miss=2
[alive] last-stage=first-paint-complete heap=167748 minHeap=52744 screen=HOME depth=1 dropped=0/0 listings=0 slots/0B hit=0 miss=2
[alive] last-stage=first-paint-complete heap=167748 minHeap=52744 screen=HOME depth=1 dropped=0/0 listings=0 slots/0B hit=0 miss=2
[alive] last-stage=first-paint-complete heap=167748 minHeap=52744 screen=HOME depth=1 dropped=0/0 listings=0 slots/0B hit=0 miss=2
[alive] last-stage=first-paint-complete heap=167748 minHeap=52744 screen=HOME depth=1 dropped=0/0 listings=0 slots/0B hit=0 miss=2
[alive] last-stage=first-paint-complete heap=167748 minHeap=52744 screen=HOME depth=1 dropped=0/0 listings=0 slots/0B hit=0 miss=2
[alive] last-stage=first-paint-complete heap=167748 minHeap=52744 screen=HOME depth=1 dropped=0/0 listings=0 slots/0B hit=0 miss=2
[alive] last-stage=first-paint-complete heap=167748 minHeap=52744 screen=HOME depth=1 dropped=0/0 listings=0 slots/0B hit=0 miss=2
[alive] last-stage=first-paint-complete heap=167748 minHeap=52744 screen=HOME depth=1 dropped=0/0 listings=0 slots/0B hit=0 miss=2
[alive] last-stage=first-paint-complete heap=167748 minHeap=52744 screen=HOME depth=1 dropped=0/0 listings=0 slots/0B hit=0 miss=2
[alive] last-stage=first-paint-complete heap=167748 minHeap=52744 screen=HOME depth=1 dropped=0/0 listings=0 slots/0B hit=0 miss=2
[alive] last-stage=first-paint-complete heap=167748 minHeap=52744 screen=HOME depth=1 dropped=0/0 listings=0 slots/0B hit=0 miss=2
[alive] last-stage=first-paint-complete heap=167748 minHeap=52744 screen=HOME depth=1 dropped=0/0 listings=0 slots/0B hit=0 miss=2
[alive] last-stage=first-paint-complete heap=167748 minHeap=52744 screen=HOME depth=1 dropped=0/0 listings=0 slots/0B hit=0 miss=2
[alive] last-stage=first-paint-complete heap=167748 minHeap=52744 screen=HOME depth=1 dropped=0/0 listings=0 slots/0B hit=0 miss=2
[alive] last-stage=first-paint-complete heap=167748 minHeap=52744 screen=HOME depth=1 dropped=0/0 listings=0 slots/0B hit=0 miss=2
[alive] last-stage=first-paint-complete heap=167748 minHeap=52744 screen=HOME depth=1 dropped=0/0 listings=0 slots/0B hit=0 miss=2
[alive] last-stage=first-paint-complete heap=167748 minHeap=52744 screen=HOME depth=1 dropped=0/0 listings=0 slots/0B hit=0 miss=2
[alive] last-stage=first-paint-complete heap=167748 minHeap=52744 screen=HOME depth=1 dropped=0/0 listings=0 slots/0B hit=0 miss=2
[alive] last-stage=first-paint-complete heap=167748 minHeap=52744 screen=HOME depth=1 dropped=0/0 listings=0 slots/0B hit=0 miss=2
[alive] last-stage=first-paint-complete heap=167748 minHeap=52744 screen=HOME depth=1 dropped=0/0 listings=0 slots/0B hit=0 miss=2
[alive] last-stage=first-paint-complete heap=167748 minHeap=52744 screen=HOME depth=1 dropped=0/0 listings=0 slots/0B hit=0 miss=2
[alive] last-stage=first-paint-complete heap=167748 minHeap=52744 screen=HOME depth=1 dropped=0/0 listings=0 slots/0B hit=0 miss=2
[alive] last-stage=first-paint-complete heap=167748 minHeap=52744 screen=HOME depth=1 dropped=0/0 listings=0 slots/0B hit=0 miss=2
[alive] last-stage=first-paint-complete heap=167748 minHeap=52744 screen=HOME depth=1 dropped=0/0 listings=0 slots/0B hit=0 miss=2
[alive] last-stage=first-paint-complete heap=167748 minHeap=52744 screen=HOME depth=1 dropped=0/0 listings=0 slots/0B hit=0 miss=2
[alive] last-stage=first-paint-complete heap=167748 minHeap=52744 screen=HOME depth=1 dropped=0/0 listings=0 slots/0B hit=0 miss=2
[alive] last-stage=first-paint-complete heap=167748 minHeap=52744 screen=HOME depth=1 dropped=0/0 listings=0 slots/0B hit=0 miss=2
[alive] last-stage=first-paint-complete heap=167748 minHeap=52744 screen=HOME depth=1 dropped=0/0 listings=0 slots/0B hit=0 miss=2
[alive] last-stage=first-paint-complete heap=167748 minHeap=52744 screen=HOME depth=1 dropped=0/0 listings=0 slots/0B hit=0 miss=2
[alive] last-stage=first-paint-complete heap=167748 minHeap=52744 screen=HOME depth=1 dropped=0/0 listings=0 slots/0B hit=0 miss=2
[alive] last-stage=first-paint-complete heap=167748 minHeap=52744 screen=HOME depth=1 dropped=0/0 listings=0 slots/0B hit=0 miss=2
[alive] last-stage=first-paint-complete heap=167748 minHeap=52744 screen=HOME depth=1 dropped=0/0 listings=0 slots/0B hit=0 miss=2
[alive] last-stage=first-paint-complete heap=167748 minHeap=52744 screen=HOME depth=1 dropped=0/0 listings=0 slots/0B hit=0 miss=2
[alive] last-stage=first-paint-complete heap=167748 minHeap=52744 screen=HOME depth=1 dropped=0/0 listings=0 slots/0B hit=0 miss=2
[alive] last-stage=first-paint-complete heap=167748 minHeap=52744 screen=HOME depth=1 dropped=0/0 listings=0 slots/0B hit=0 miss=2
[alive] last-stage=first-paint-complete heap=167748 minHeap=52744 screen=HOME depth=1 dropped=0/0 listings=0 slots/0B hit=0 miss=2
[alive] last-stage=first-paint-complete heap=167748 minHeap=52744 screen=HOME depth=1 dropped=0/0 listings=0 slots/0B hit=0 miss=2
[alive] last-stage=first-paint-complete heap=167748 minHeap=52744 screen=HOME depth=1 dropped=0/0 listings=0 slots/0B hit=0 miss=2
[alive] last-stage=first-paint-complete heap=167748 minHeap=52744 screen=HOME depth=1 dropped=0/0 listings=0 slots/0B hit=0 miss=2
[alive] last-stage=first-paint-complete heap=167748 minHeap=52744 screen=HOME depth=1 dropped=0/0 listings=0 slots/0B hit=0 miss=2
[alive] last-stage=first-paint-complete heap=167748 minHeap=52744 screen=HOME depth=1 dropped=0/0 listings=0 slots/0B hit=0 miss=2
[alive] last-stage=first-paint-complete heap=167748 minHeap=52744 screen=HOME depth=1 dropped=0/0 listings=0 slots/0B hit=0 miss=2
[alive] last-stage=first-paint-complete heap=167748 minHeap=52744 screen=HOME depth=1 dropped=0/0 listings=0 slots/0B hit=0 miss=2
[alive] last-stage=first-paint-complete heap=167748 minHeap=52744 screen=HOME depth=1 dropped=0/0 listings=0 slots/0B hit=0 miss=2
[alive] last-stage=first-paint-complete heap=167748 minHeap=52744 screen=HOME depth=1 dropped=0/0 listings=0 slots/0B hit=0 miss=2
[alive] last-stage=first-paint-complete heap=167748 minHeap=52744 screen=HOME depth=1 dropped=0/0 listings=0 slots/0B hit=0 miss=2
[alive] last-stage=first-paint-complete heap=167748 minHeap=52744 screen=HOME depth=1 dropped=0/0 listings=0 slots/0B hit=0 miss=2
[alive] last-stage=first-paint-complete heap=167748 minHeap=52744 screen=HOME depth=1 dropped=0/0 listings=0 slots/0B hit=0 miss=2
[alive] last-stage=first-paint-complete heap=167748 minHeap=52744 screen=HOME depth=1 dropped=0/0 listings=0 slots/0B hit=0 miss=2
[alive] last-stage=first-paint-complete heap=167748 minHeap=52744 screen=HOME depth=1 dropped=0/0 listings=0 slots/0B hit=0 miss=2
[alive] last-stage=first-paint-complete heap=167748 minHeap=52744 screen=HOME depth=1 dropped=0/0 listings=0 slots/0B hit=0 miss=2
[alive] last-stage=first-paint-complete heap=167748 minHeap=52744 screen=HOME depth=1 dropped=0/0 listings=0 slots/0B hit=0 miss=2
[alive] last-stage=first-paint-complete heap=167748 minHeap=52744 screen=HOME depth=1 dropped=0/0 listings=0 slots/0B hit=0 miss=2
[alive] last-stage=first-paint-complete heap=167748 minHeap=52744 screen=HOME depth=1 dropped=0/0 listings=0 slots/0B hit=0 miss=2
[alive] last-stage=first-paint-complete heap=167748 minHeap=52744 screen=HOME depth=1 dropped=0/0 listings=0 slots/0B hit=0 miss=2
[alive] last-stage=first-paint-complete heap=167748 minHeap=52744 screen=HOME depth=1 dropped=0/0 listings=0 slots/0B hit=0 miss=2
[alive] last-stage=first-paint-complete heap=167748 minHeap=52744 screen=HOME depth=1 dropped=0/0 listings=0 slots/0B hit=0 miss=2
[alive] last-stage=first-paint-complete heap=167748 minHeap=52744 screen=HOME depth=1 dropped=0/0 listings=0 slots/0B hit=0 miss=2
[alive] last-stage=first-paint-complete heap=167748 minHeap=52744 screen=HOME depth=1 dropped=0/0 listings=0 slots/0B hit=0 miss=2
[alive] last-stage=first-paint-complete heap=167748 minHeap=52744 screen=HOME depth=1 dropped=0/0 listings=0 slots/0B hit=0 miss=2
[alive] last-stage=first-paint-complete heap=167748 minHeap=52744 screen=HOME depth=1 dropped=0/0 listings=0 slots/0B hit=0 miss=2
[alive] last-stage=first-paint-complete heap=167748 minHeap=52744 screen=HOME depth=1 dropped=0/0 listings=0 slots/0B hit=0 miss=2
[alive] last-stage=first-paint-complete heap=167748 minHeap=52744 screen=HOME depth=1 dropped=0/0 listings=0 slots/0B hit=0 miss=2
[input] POWER SHORT after 0ms -- sleeping, so there is no [i] line for this one
[power] sleep screen: Le Fléau
[237133]   Wait complete:  8279_DRF (693 ms)
[stage] 237158ms sleep-painted heap=167648 min=52744
[power] sleeping from screen=HOME; the record should name it on wake. Wake with the power button
[237206]   Wait complete:  8279 power-down (47 ms)
[cover] #1 result=Ok fmt=jpeg zip=deflated src=1400x2100 scale=1/2 dst=528x792+0+0 rows=792/792 rowBytes=66 open=57ms decode=3075ms heapBefore=172760 heapMin=91676 sum=9006423 file=/books/01-jpeg-deflated-the-rescue.epub
[cover] #2 result=Ok fmt=jpeg zip=stored src=1424x2048 scale=1/2 dst=528x792+0+0 rows=792/792 rowBytes=66 open=29ms decode=2987ms heapBefore=173232 heapMin=91676 sum=9298331 file=/books/02-jpeg-stored.epub
[cover] #3 result=Ok fmt=png zip=stored src=1600x2400 scale=1/1 dst=528x792+0+0 rows=792/792 rowBytes=66 open=22ms decode=6919ms heapBefore=173468 heapMin=91676 sum=16150999 file=/books/03-png-stored.epub
[cover] #4 result=Ok fmt=png zip=deflated src=601x918 scale=1/1 dst=528x792+0+0 rows=792/792 rowBytes=66 open=40ms decode=6649ms heapBefore=173012 heapMin=52760 sum=12494071 file=/books/04-png-deflated-neuromancien.epub
[cover] summary: tried=4 ok=4 nocover=0 unsupported=0 readfailed=0 oom=0 abandoned=0 bookrefused=0 (of 8 epub(s) on the card)
[stage] 20760ms cover-probe-done heap=173716 min=52760
[boot] Library fits 7 rows on this 528x792 logical canvas (panel is 792x528 native)
[boot] Settings list 662px: rows 55px, section headers 53px
[boot] Reader column 508x668 at (10,69), body ppem 32
[20847]   Wait complete:  8279_PON (40 ms)
[21540]   Wait complete:  8279_DRF (693 ms)
[stage] 21564ms waking-painted heap=173824 min=52760
[fs] list /books -> 12 entries in 92ms (7.66 ms/entry)
[library] counted 8 book(s) in /books in 93ms | folders held=0 hit=0 miss=0
[progress] Home continues "Le Fléau" at 49%, spine 57 of 92
[boot] Home's LIBRARY row: 8 (books in /books plus one level down)
[stage] 21667ms root-home heap=173156 min=52760
[session] record version 0 is not 4; staying where the boot path put us. An older record stored one screen rather than the whole stack, and is discarded rather than decoded -- which is what the bump is for
[session] no usable record, so nothing to restore; staying on HOME. If a '[session] stored ...' line appeared before the last sleep, the WRITE is what failed, not the restore
[stage] 21671ms input-started heap=167756 min=52760
[22406]   Wait complete:  8279_DRF (694 ms)
[stage] 22431ms mono-displayed heap=167756 min=52760
[paint] done screen=HOME fidelity=mono mode=FAST sinceFull=1 total=760ms render=16ms (draw=16) panel=744ms (up=25 wave=719) scope=stack
[render] total=16000us fill=1322/14 dither=228/1 glyph=6296/14 icon=6216/7 other=1938
[stage] 22431ms first-paint-complete heap=167756 min=52760
[alive] last-stage=first-paint-complete heap=167756 minHeap=52760 screen=HOME depth=1 dropped=0/0 listings=0 slots/0B hit=0 miss=2
[alive] last-stage=first-paint-complete heap=167756 minHeap=52760 screen=HOME depth=1 dropped=0/0 listings=0 slots/0B hit=0 miss=2
[alive] last-stage=first-paint-complete heap=167756 minHeap=52760 screen=HOME depth=1 dropped=0/0 listings=0 slots/0B hit=0 miss=2
[alive] last-stage=first-paint-complete heap=167756 minHeap=52760 screen=HOME depth=1 dropped=0/0 listings=0 slots/0B hit=0 miss=2
[alive] last-stage=first-paint-complete heap=167756 minHeap=52760 screen=HOME depth=1 dropped=0/0 listings=0 slots/0B hit=0 miss=2
[alive] last-stage=first-paint-complete heap=167756 minHeap=52760 screen=HOME depth=1 dropped=0/0 listings=0 slots/0B hit=0 miss=2
[alive] last-stage=first-paint-complete heap=167756 minHeap=52760 screen=HOME depth=1 dropped=0/0 listings=0 slots/0B hit=0 miss=2
[alive] last-stage=first-paint-complete heap=167756 minHeap=52760 screen=HOME depth=1 dropped=0/0 listings=0 slots/0B hit=0 miss=2
[alive] last-stage=first-paint-complete heap=167756 minHeap=52760 screen=HOME depth=1 dropped=0/0 listings=0 slots/0B hit=0 miss=2
[alive] last-stage=first-paint-complete heap=167756 minHeap=52760 screen=HOME depth=1 dropped=0/0 listings=0 slots/0B hit=0 miss=2
[alive] last-stage=first-paint-complete heap=167756 minHeap=52760 screen=HOME depth=1 dropped=0/0 listings=0 slots/0B hit=0 miss=2
[alive] last-stage=first-paint-complete heap=167756 minHeap=52760 screen=HOME depth=1 dropped=0/0 listings=0 slots/0B hit=0 miss=2
[alive] last-stage=first-paint-complete heap=167756 minHeap=52760 screen=HOME depth=1 dropped=0/0 listings=0 slots/0B hit=0 miss=2
[alive] last-stage=first-paint-complete heap=167756 minHeap=52760 screen=HOME depth=1 dropped=0/0 listings=0 slots/0B hit=0 miss=2
[alive] last-stage=first-paint-complete heap=167756 minHeap=52760 screen=HOME depth=1 dropped=0/0 listings=0 slots/0B hit=0 miss=2
[alive] last-stage=first-paint-complete heap=167756 minHeap=52760 screen=HOME depth=1 dropped=0/0 listings=0 slots/0B hit=0 miss=2
[alive] last-stage=first-paint-complete heap=167756 minHeap=52760 screen=HOME depth=1 dropped=0/0 listings=0 slots/0B hit=0 miss=2
